Loading Packages... LSTUR
/work3/s204117/News-Recommendations
cuda
{'group_auc': 0.4897, 'mean_mrr': 0.2139, 'ndcg@5': 0.2142, 'ndcg@10': 0.2814, 'loss': 5.168811584685072}
Memory: 1.19537664 GB
{'group_auc': 0.5585, 'mean_mrr': 0.2277, 'ndcg@5': 0.2425, 'ndcg@10': 0.3123, 'loss': 5.190610633014963}
Memory: 1.19537664 GB
{'group_auc': 0.5631, 'mean_mrr': 0.2341, 'ndcg@5': 0.2475, 'ndcg@10': 0.3179, 'loss': 5.188081314721752}
Memory: 1.19537664 GB
{'group_auc': 0.5651, 'mean_mrr': 0.2388, 'ndcg@5': 0.256, 'ndcg@10': 0.3217, 'loss': 5.1953353957873}
Memory: 1.19537664 GB
{'group_auc': 0.5708, 'mean_mrr': 0.2419, 'ndcg@5': 0.2558, 'ndcg@10': 0.3263, 'loss': 5.195307243609992}
Memory: 1.19537664 GB
{'group_auc': 0.5909, 'mean_mrr': 0.2488, 'ndcg@5': 0.2679, 'ndcg@10': 0.3364, 'loss': 5.181990692774107}
Memory: 1.19537664 GB
{'group_auc': 0.5933, 'mean_mrr': 0.2516, 'ndcg@5': 0.2685, 'ndcg@10': 0.3395, 'loss': 5.1849228007177395}
Memory: 1.19537664 GB
{'group_auc': 0.6045, 'mean_mrr': 0.2561, 'ndcg@5': 0.2744, 'ndcg@10': 0.346, 'loss': 5.172259278941186}
Memory: 1.19537664 GB
{'group_auc': 0.6072, 'mean_mrr': 0.2626, 'ndcg@5': 0.2799, 'ndcg@10': 0.3518, 'loss': 5.155498968929448}
Memory: 1.19537664 GB
{'group_auc': 0.6074, 'mean_mrr': 0.2613, 'ndcg@5': 0.2774, 'ndcg@10': 0.3483, 'loss': 5.167240136812569}
Memory: 1.19537664 GB
{'group_auc': 0.6122, 'mean_mrr': 0.2655, 'ndcg@5': 0.2833, 'ndcg@10': 0.3532, 'loss': 5.163128738327304}
