Importing Model... UserEmb
{'group_auc': 0.4835, 'mean_mrr': 0.2142, 'ndcg@5': 0.2138, 'ndcg@10': 0.2792, 'loss': 5.166259342135421}
Memory: 8.269070336 GB
{'group_auc': 0.5577, 'mean_mrr': 0.2303, 'ndcg@5': 0.2445, 'ndcg@10': 0.3153, 'loss': 5.158246044590104}
Memory: 8.269070336 GB
{'group_auc': 0.5787, 'mean_mrr': 0.2446, 'ndcg@5': 0.264, 'ndcg@10': 0.3303, 'loss': 5.261999115244255}
Memory: 8.269070336 GB
{'group_auc': 0.5809, 'mean_mrr': 0.2462, 'ndcg@5': 0.2681, 'ndcg@10': 0.331, 'loss': 5.245577391393955}
Memory: 8.269070336 GB
{'group_auc': 0.5853, 'mean_mrr': 0.2517, 'ndcg@5': 0.2753, 'ndcg@10': 0.3377, 'loss': 5.269988256186023}
Memory: 8.269070336 GB
{'group_auc': 0.5793, 'mean_mrr': 0.2469, 'ndcg@5': 0.2714, 'ndcg@10': 0.3339, 'loss': 5.192393649303962}
Memory: 8.269070336 GB
{'group_auc': 0.5768, 'mean_mrr': 0.2399, 'ndcg@5': 0.261, 'ndcg@10': 0.3269, 'loss': 5.352639205614644}
Memory: 8.269070336 GB
{'group_auc': 0.5715, 'mean_mrr': 0.2385, 'ndcg@5': 0.2613, 'ndcg@10': 0.3253, 'loss': 5.281259827156333}
Memory: 8.269070336 GB
{'group_auc': 0.5718, 'mean_mrr': 0.2397, 'ndcg@5': 0.2615, 'ndcg@10': 0.3257, 'loss': 5.291955194217245}
Memory: 8.269070336 GB
{'group_auc': 0.5774, 'mean_mrr': 0.2445, 'ndcg@5': 0.2689, 'ndcg@10': 0.3302, 'loss': 5.162348779638304}
Memory: 8.269070336 GB
{'group_auc': 0.5767, 'mean_mrr': 0.2441, 'ndcg@5': 0.2662, 'ndcg@10': 0.3314, 'loss': 5.163371908087182}
Memory: 8.269070336 GB
{'group_auc': 0.5733, 'mean_mrr': 0.2398, 'ndcg@5': 0.2612, 'ndcg@10': 0.326, 'loss': 5.290055258995554}
Memory: 8.269070336 GB
{'group_auc': 0.5718, 'mean_mrr': 0.2416, 'ndcg@5': 0.2632, 'ndcg@10': 0.3267, 'loss': 5.246015859741389}
Memory: 8.269070336 GB
{'group_auc': 0.5801, 'mean_mrr': 0.2431, 'ndcg@5': 0.2663, 'ndcg@10': 0.3312, 'loss': 5.2755718805709595}
Memory: 8.269070336 GB
{'group_auc': 0.5828, 'mean_mrr': 0.2439, 'ndcg@5': 0.2684, 'ndcg@10': 0.3332, 'loss': 5.30579259678545}
Memory: 8.269070336 GB
{'group_auc': 0.576, 'mean_mrr': 0.2396, 'ndcg@5': 0.2631, 'ndcg@10': 0.328, 'loss': 5.260560082782304}
Memory: 8.269070336 GB
{'group_auc': 0.5774, 'mean_mrr': 0.2416, 'ndcg@5': 0.2632, 'ndcg@10': 0.3276, 'loss': 5.236038924064784}
Memory: 8.269070336 GB
{'group_auc': 0.5834, 'mean_mrr': 0.2451, 'ndcg@5': 0.2646, 'ndcg@10': 0.3295, 'loss': 5.163275725267992}
Memory: 8.269070336 GB
{'group_auc': 0.5834, 'mean_mrr': 0.2477, 'ndcg@5': 0.2678, 'ndcg@10': 0.3318, 'loss': 5.270477109952141}
Memory: 8.269070336 GB
{'group_auc': 0.5775, 'mean_mrr': 0.2414, 'ndcg@5': 0.2586, 'ndcg@10': 0.3259, 'loss': 5.300332456609435}
Memory: 8.269070336 GB
{'group_auc': 0.5811, 'mean_mrr': 0.2411, 'ndcg@5': 0.2597, 'ndcg@10': 0.3273, 'loss': 5.230448879749116}
Memory: 8.269070336 GB
{'group_auc': 0.5766, 'mean_mrr': 0.24, 'ndcg@5': 0.2565, 'ndcg@10': 0.3251, 'loss': 5.240295588449985}
Memory: 8.269070336 GB
{'group_auc': 0.5859, 'mean_mrr': 0.2439, 'ndcg@5': 0.2642, 'ndcg@10': 0.3298, 'loss': 5.170278678335701}
Memory: 8.269070336 GB
{'group_auc': 0.5821, 'mean_mrr': 0.2434, 'ndcg@5': 0.2634, 'ndcg@10': 0.3277, 'loss': 5.257609919715138}
Memory: 8.269070336 GB
{'group_auc': 0.5852, 'mean_mrr': 0.2454, 'ndcg@5': 0.267, 'ndcg@10': 0.331, 'loss': 5.289150708595323}
Memory: 8.269070336 GB
{'group_auc': 0.5777, 'mean_mrr': 0.2405, 'ndcg@5': 0.2611, 'ndcg@10': 0.326, 'loss': 5.233100148995548}
Memory: 8.269070336 GB
{'group_auc': 0.586, 'mean_mrr': 0.247, 'ndcg@5': 0.2694, 'ndcg@10': 0.3326, 'loss': 5.262632356726231}
Memory: 8.269070336 GB
{'group_auc': 0.5874, 'mean_mrr': 0.2456, 'ndcg@5': 0.2678, 'ndcg@10': 0.3324, 'loss': 5.293056999156068}
Memory: 8.269070336 GB
{'group_auc': 0.5906, 'mean_mrr': 0.2503, 'ndcg@5': 0.2737, 'ndcg@10': 0.3351, 'loss': 5.278838012463024}
Memory: 8.269070336 GB
{'group_auc': 0.5884, 'mean_mrr': 0.2489, 'ndcg@5': 0.2698, 'ndcg@10': 0.3348, 'loss': 5.264886055959277}
Memory: 8.269070336 GB
{'group_auc': 0.5868, 'mean_mrr': 0.2475, 'ndcg@5': 0.2673, 'ndcg@10': 0.3346, 'loss': 5.2454844551586834}
